Microsoft (R) Macro Assembler Version 5.10                  4/2/18 21:50:00

                                                             Page     1-1


				PUBLIC factorial
				
				
 0000				CSEG SEGMENT PARA PUBLIC 'CODE'
					assume CS:CSEG
 0000				factorial proc near
 0000					factorial1:
 0000  55					push bp                
 0001  8B EC					mov bp,sp               
 0003  8B 46 04					mov ax,[bp+4]     
 0006  3D 0001					cmp ax, 1              
 0009  74 0B					je f_ret         
 000B  48					dec ax                  
 000C  50					push ax                
 000D  E8 0000 R				call factorial      
 0010  F7 66 04					mul word ptr[bp+4]	 
 0013  83 C4 02					add sp, 2 
 0016					f_ret:
 0016  5D					pop bp                
 0017  C3					ret           
 0018				factorial endp
 0018				CSEG ENDS
				END
Microsoft (R) Macro Assembler Version 5.10                  4/2/18 21:50:00

                                                             Symbols-1


Segments and Groups:

                N a m e         	Length	 Align	Combine Class

CSEG . . . . . . . . . . . . . .  	0018	PARA	PUBLIC	'CODE'

Symbols:            

                N a m e         	Type	 Value	 Attr

FACTORIAL  . . . . . . . . . . .  	N PROC	0000	CSEG	Global	Length = 0018
FACTORIAL1 . . . . . . . . . . .  	L NEAR	0000	CSEG
F_RET  . . . . . . . . . . . . .  	L NEAR	0016	CSEG

@CPU . . . . . . . . . . . . . .  	TEXT  0101h		
@FILENAME  . . . . . . . . . . .  	TEXT  lrf_1_2		
@VERSION . . . . . . . . . . . .  	TEXT  510		


     23 Source  Lines
     23 Total   Lines
     14 Symbols

  46808 + 447140 Bytes symbol space free

      0 Warning Errors
      0 Severe  Errors
