 ConsoleApplication1

 Timestamp is 5afb3e3a (Tue May 15 23:08:26 2018)

 Preferred load address is 00400000

 Start         Length     Name                   Class
 0001:00000000 00010000H .textbss                DATA
 0002:00000000 00005021H .text$mn                CODE
 0003:00000000 00000104H .CRT$XCA                DATA
 0003:00000104 00000104H .CRT$XCAA               DATA
 0003:00000208 00000104H .CRT$XCZ                DATA
 0003:0000030c 00000104H .CRT$XIA                DATA
 0003:00000410 00000104H .CRT$XIAA               DATA
 0003:00000514 00000104H .CRT$XIAC               DATA
 0003:00000618 00000104H .CRT$XIZ                DATA
 0003:0000071c 00000104H .CRT$XPA                DATA
 0003:00000820 00000104H .CRT$XPZ                DATA
 0003:00000924 00000104H .CRT$XTA                DATA
 0003:00000a28 00000108H .CRT$XTZ                DATA
 0003:00000b30 00000bfcH .rdata                  DATA
 0003:0000172c 00000174H .rdata$zzzdbg           DATA
 0003:000018a0 00000104H .rtc$IAA                DATA
 0003:000019a4 00000104H .rtc$IMZ                DATA
 0003:00001aa8 00000104H .rtc$IZZ                DATA
 0003:00001bac 00000104H .rtc$TAA                DATA
 0003:00001cb0 00000104H .rtc$TMZ                DATA
 0003:00001db4 00000104H .rtc$TZZ                DATA
 0003:00001eb8 00000169H .xdata$x                DATA
 0003:00002021 00000000H .edata                  DATA
 0004:00000000 00000138H .data                   DATA
 0004:00000138 00000454H .bss                    DATA
 0005:00000000 000001bcH .idata$5                DATA
 0005:000001bc 0000003cH .idata$2                DATA
 0005:000001f8 00000014H .idata$3                DATA
 0005:0000020c 000001bcH .idata$4                DATA
 0005:000003c8 000006d8H .idata$6                DATA
 0006:00000000 00000104H .00cfg                  DATA
 0007:00000000 00000170H .rsrc$01                DATA
 0007:00000170 000002ccH .rsrc$02                DATA

  Address         Publics by Value              Rva+Base       Lib:Object

 0000:00000000       ___guard_longjmp_table     00000000     <absolute>
 0000:00000000       ___enclave_config          00000000     <absolute>
 0000:00000000       ___hybrid_code_map         00000000     <absolute>
 0000:00000000       ___guard_fids_count        00000000     <absolute>
 0000:00000000       ___guard_iat_table         00000000     <absolute>
 0000:00000000       ___guard_iat_count         00000000     <absolute>
 0000:00000000       ___hybrid_auxiliary_iat    00000000     <absolute>
 0000:00000000       ___safe_se_handler_table   00000000     <absolute>
 0000:00000000       ___dynamic_value_reloc_table 00000000     <absolute>
 0000:00000000       ___safe_se_handler_count   00000000     <absolute>
 0000:00000000       ___guard_longjmp_count     00000000     <absolute>
 0000:00000000       ___guard_fids_table        00000000     <absolute>
 0000:00000000       ___hybrid_code_map_count   00000000     <absolute>
 0000:00000100       ___guard_flags             00000100     <absolute>
 0000:00000000       ___ImageBase               00400000     <linker-defined>
 0001:00000000       __enc$textbss$begin        00401000     <linker-defined>
 0001:00010000       __enc$textbss$end          00411000     <linker-defined>
 0002:00000700       _wmain                     00411700 f   ConsoleApplication1.obj
 0002:00000808       _CopyStr                   00411808 f   copystr.obj
 0002:00000838       _DlinaStroki               00411838 f   dlinastroki.obj
 0002:00000860       @_RTC_AllocaHelper@12      00411860 f   MSVCRTD:_stack_.obj
 0002:000008a0       @_RTC_CheckStackVars2@12   004118a0 f   MSVCRTD:_stack_.obj
 0002:000009c0       @_RTC_CheckStackVars@8     004119c0 f   MSVCRTD:_stack_.obj
 0002:00000a40       __RTC_CheckEsp             00411a40 f   MSVCRTD:_stack_.obj
 0002:00000a80       @__security_check_cookie@4 00411a80 f   MSVCRTD:_secchk_.obj
 0002:00000aa0       __CRT_RTC_INIT             00411aa0 f   MSVCRTD:_init_.obj
 0002:00000ab0       __CRT_RTC_INITW            00411ab0 f   MSVCRTD:_init_.obj
 0002:00000ac0       __RTC_InitBase             00411ac0 f   MSVCRTD:_init_.obj
 0002:00000b00       __RTC_Shutdown             00411b00 f   MSVCRTD:_init_.obj
 0002:00000ed0       ?configure_argv@__scrt_wide_argv_policy@@SAHXZ 00411ed0 f i MSVCRTD:exe_wmain.obj
 0002:00000ef0       ?initialize_environment@__scrt_wide_environment_policy@@SAHXZ 00411ef0 f i MSVCRTD:exe_wmain.obj
 0002:00000f30       ?set_app_type@__scrt_main_policy@@SAXXZ 00411f30 f i MSVCRTD:exe_wmain.obj
 0002:00000f50       ?set_commode@__scrt_file_policy@@SAXXZ 00411f50 f i MSVCRTD:exe_wmain.obj
 0002:00000f70       ?set_fmode@__scrt_file_policy@@SAXXZ 00411f70 f i MSVCRTD:exe_wmain.obj
 0002:00000f90       _wmainCRTStartup           00411f90 f   MSVCRTD:exe_wmain.obj
 0002:00000fa0       ??$__vcrt_va_start_verify_argument_type@QBD@@YAXXZ 00411fa0 f i MSVCRTD:_error_.obj
 0002:00001060       ?_RTC_AllocaFailure@@YAXPAXPAU_RTC_ALLOCA_NODE@@H@Z 00412060 f   MSVCRTD:_error_.obj
 0002:00001180       ?_RTC_Failure@@YAXPAXH@Z   00412180 f   MSVCRTD:_error_.obj
 0002:000011f0       ?_RTC_StackFailure@@YAXPAXPBD@Z 004121f0 f   MSVCRTD:_error_.obj
 0002:000016a0       __RTC_UninitUse            004126a0 f   MSVCRTD:_error_.obj
 0002:00001780       ___local_stdio_printf_options 00412780 f i MSVCRTD:_error_.obj
 0002:00001790       __vsprintf_s_l             00412790 f i MSVCRTD:_error_.obj
 0002:000017d0       _sprintf_s                 004127d0 f i MSVCRTD:_error_.obj
 0002:00001800       ___raise_securityfailure   00412800 f   MSVCRTD:gs_report.obj
 0002:00001840       ___report_gsfailure        00412840 f   MSVCRTD:gs_report.obj
 0002:00001990       ___report_rangecheckfailure 00412990 f   MSVCRTD:gs_report.obj
 0002:000019a0       ___report_securityfailure  004129a0 f   MSVCRTD:gs_report.obj
 0002:00001ab0       ___report_securityfailureEx 00412ab0 f   MSVCRTD:gs_report.obj
 0002:00001c20       ?_RTC_GetErrorFunc@@YAP6AHHPBDH00ZZPBX@Z 00412c20 f   MSVCRTD:_userapi_.obj
 0002:00001c30       ?_RTC_GetErrorFuncW@@YAP6AHHPB_WH00ZZPBX@Z 00412c30 f   MSVCRTD:_userapi_.obj
 0002:00001c40       __RTC_GetErrDesc           00412c40 f   MSVCRTD:_userapi_.obj
 0002:00001c60       __RTC_NumErrors            00412c60 f   MSVCRTD:_userapi_.obj
 0002:00001c70       __RTC_SetErrorFunc         00412c70 f   MSVCRTD:_userapi_.obj
 0002:00001ca0       __RTC_SetErrorFuncW        00412ca0 f   MSVCRTD:_userapi_.obj
 0002:00001cd0       __RTC_SetErrorType         00412cd0 f   MSVCRTD:_userapi_.obj
 0002:00001d00       ??$__crt_fast_decode_pointer@PAP6AXXZ@@YAPAP6AXXZQAP6AXXZ@Z 00412d00 f i MSVCRTD:utility.obj
 0002:00001d30       ??$__crt_fast_encode_pointer@PAP6AXXZ@@YAPAP6AXXZQAP6AXXZ@Z 00412d30 f i MSVCRTD:utility.obj
 0002:00001d70       ?__crt_rotate_pointer_value@@YAIIH@Z 00412d70 f i MSVCRTD:utility.obj
 0002:00001d80       ?configure_argv@__scrt_narrow_argv_policy@@SAHXZ 00412d80 f i MSVCRTD:utility.obj
 0002:00001e50       ?initialize_environment@__scrt_narrow_environment_policy@@SAHXZ 00412e50 f i MSVCRTD:utility.obj
 0002:00001ef0       _NtCurrentTeb              00412ef0 f i MSVCRTD:utility.obj
 0002:00001f00       ___scrt_acquire_startup_lock 00412f00 f   MSVCRTD:utility.obj
 0002:00001f60       ___scrt_dllmain_after_initialize_c 00412f60 f   MSVCRTD:utility.obj
 0002:00001fa0       ___scrt_dllmain_before_initialize_c 00412fa0 f   MSVCRTD:utility.obj
 0002:00001fd0       ___scrt_dllmain_crt_thread_attach 00412fd0 f   MSVCRTD:utility.obj
 0002:00002010       ___scrt_dllmain_crt_thread_detach 00413010 f   MSVCRTD:utility.obj
 0002:00002030       ___scrt_dllmain_exception_filter 00413030 f   MSVCRTD:utility.obj
 0002:00002090       ___scrt_dllmain_uninitialize_c 00413090 f   MSVCRTD:utility.obj
 0002:000020d0       ___scrt_dllmain_uninitialize_critical 004130d0 f   MSVCRTD:utility.obj
 0002:000020f0       ___scrt_initialize_crt     004130f0 f   MSVCRTD:utility.obj
 0002:00002150       ___scrt_initialize_onexit_tables 00413150 f   MSVCRTD:utility.obj
 0002:00002270       ___scrt_is_nonwritable_in_current_image 00413270 f   MSVCRTD:utility.obj
 0002:000023f0       ___scrt_release_startup_lock 004133f0 f   MSVCRTD:utility.obj
 0002:00002420       ___scrt_uninitialize_crt   00413420 f   MSVCRTD:utility.obj
 0002:00002470       __onexit                   00413470 f   MSVCRTD:utility.obj
 0002:00002500       _at_quick_exit             00413500 f   MSVCRTD:utility.obj
 0002:00002560       _atexit                    00413560 f   MSVCRTD:utility.obj
 0002:00002630       ___security_init_cookie    00413630 f   MSVCRTD:gs_support.obj
 0002:000026d0       __matherr                  004136d0 f   MSVCRTD:matherr.obj
 0002:000026e0       __get_startup_argv_mode    004136e0 f   MSVCRTD:argv_mode.obj
 0002:000026f0       __get_startup_commit_mode  004136f0 f   MSVCRTD:commit_mode.obj
 0002:00002700       __get_startup_file_mode    00413700 f   MSVCRTD:file_mode.obj
 0002:00002710       __get_startup_new_mode     00413710 f   MSVCRTD:new_mode.obj
 0002:00002720       __get_startup_thread_locale_mode 00413720 f   MSVCRTD:thread_locale.obj
 0002:00002730       ?__scrt_initialize_type_info@@YAXXZ 00413730 f   MSVCRTD:tncleanup.obj
 0002:00002750       ?__scrt_uninitialize_type_info@@YAXXZ 00413750 f   MSVCRTD:tncleanup.obj
 0002:00002770       __should_initialize_environment 00413770 f   MSVCRTD:env_mode.obj
 0002:00002780       __initialize_default_precision 00413780 f   MSVCRTD:default_precision.obj
 0002:000027b0       __initialize_invalid_parameter_handler 004137b0 f   MSVCRTD:invalid_parameter_handler.obj
 0002:000027c0       __initialize_denormal_control 004137c0 f   MSVCRTD:denormal_control.obj
 0002:000027d0       ___local_stdio_scanf_options 004137d0 f i MSVCRTD:default_local_stdio_options.obj
 0002:000027e0       ___scrt_initialize_default_local_stdio_options 004137e0 f   MSVCRTD:default_local_stdio_options.obj
 0002:00002830       ___scrt_is_user_matherr_present 00413830 f   MSVCRTD:matherr_detection.obj
 0002:00002860       ___scrt_get_dyn_tls_init_callback 00413860 f   MSVCRTD:dyn_tls_init.obj
 0002:00002870       ___scrt_get_dyn_tls_dtor_callback 00413870 f   MSVCRTD:dyn_tls_dtor.obj
 0002:00002880       ___scrt_fastfail           00413880 f   MSVCRTD:utility_desktop.obj
 0002:00002a10       ___scrt_get_show_window_mode 00413a10 f   MSVCRTD:utility_desktop.obj
 0002:00002a60       ___scrt_initialize_winrt   00413a60 f   MSVCRTD:utility_desktop.obj
 0002:00002a70       ___scrt_is_managed_app     00413a70 f   MSVCRTD:utility_desktop.obj
 0002:00002b20       ___scrt_set_unhandled_exception_filter 00413b20 f   MSVCRTD:utility_desktop.obj
 0002:00002b40       ___scrt_unhandled_exception_filter@4 00413b40 f   MSVCRTD:utility_desktop.obj
 0002:00002bc0       __crt_debugger_hook        00413bc0 f   MSVCRTD:utility_desktop.obj
 0002:00002be0       __RTC_Initialize           00413be0 f   MSVCRTD:_initsect_.obj
 0002:00002c20       __RTC_Terminate            00413c20 f   MSVCRTD:_initsect_.obj
 0002:00002c60       @_guard_check_icall@4      00413c60 f i MSVCRTD:checkcfg.obj
 0002:00002c80       __except_handler4          00413c80 f   MSVCRTD:_chandler4gs_.obj
 0002:00003270       ?_RTC_GetSrcLine@@YAHPAEPA_WKPAH1K@Z 00414270 f   MSVCRTD:_pdblkup_.obj
 0002:00003690       ___isa_available_init      00414690 f   MSVCRTD:_cpu_disp_.obj
 0002:00003a20       ___scrt_is_ucrt_dll_in_use 00414a20 f   MSVCRTD:ucrt_detection.obj
 0002:00003a50       @_guard_check_icall_nop@4  00414a50 f i MSVCRTD:guard_support.obj
 0002:00003a60       _ReadNoFence               00414a60 f i MSVCRTD:guard_support.obj
 0002:00003a80       _ReadPointerNoFence        00414a80 f i MSVCRTD:guard_support.obj
 0002:00003aa0       __guard_icall_checks_enforced 00414aa0 f i MSVCRTD:guard_support.obj
 0002:00003ada       ___std_type_info_destroy_list 00414ada f   vcruntimed:VCRUNTIME140D.dll
 0002:00003ae0       _memset                    00414ae0 f   vcruntimed:VCRUNTIME140D.dll
 0002:00003ae6       __except_handler4_common   00414ae6 f   vcruntimed:VCRUNTIME140D.dll
 0002:00003aec       ___vcrt_GetModuleFileNameW 00414aec f   vcruntimed:VCRUNTIME140D.dll
 0002:00003af2       ___vcrt_GetModuleHandleW   00414af2 f   vcruntimed:VCRUNTIME140D.dll
 0002:00003af8       ___vcrt_LoadLibraryExW     00414af8 f   vcruntimed:VCRUNTIME140D.dll
 0002:00003afe       __CrtDbgReport             00414afe f   ucrtd:ucrtbased.dll
 0002:00003b04       __CrtDbgReportW            00414b04 f   ucrtd:ucrtbased.dll
 0002:00003b0a       __seh_filter_exe           00414b0a f   ucrtd:ucrtbased.dll
 0002:00003b10       __set_app_type             00414b10 f   ucrtd:ucrtbased.dll
 0002:00003b16       ___setusermatherr          00414b16 f   ucrtd:ucrtbased.dll
 0002:00003b1c       __configure_wide_argv      00414b1c f   ucrtd:ucrtbased.dll
 0002:00003b22       __initialize_wide_environment 00414b22 f   ucrtd:ucrtbased.dll
 0002:00003b28       __get_initial_wide_environment 00414b28 f   ucrtd:ucrtbased.dll
 0002:00003b2e       __initterm                 00414b2e f   ucrtd:ucrtbased.dll
 0002:00003b34       __initterm_e               00414b34 f   ucrtd:ucrtbased.dll
 0002:00003b3a       _exit                      00414b3a f   ucrtd:ucrtbased.dll
 0002:00003b40       __exit                     00414b40 f   ucrtd:ucrtbased.dll
 0002:00003b46       __set_fmode                00414b46 f   ucrtd:ucrtbased.dll
 0002:00003b4c       ___p___argc                00414b4c f   ucrtd:ucrtbased.dll
 0002:00003b52       ___p___wargv               00414b52 f   ucrtd:ucrtbased.dll
 0002:00003b58       __cexit                    00414b58 f   ucrtd:ucrtbased.dll
 0002:00003b5e       __c_exit                   00414b5e f   ucrtd:ucrtbased.dll
 0002:00003b64       __register_thread_local_exe_atexit_callback 00414b64 f   ucrtd:ucrtbased.dll
 0002:00003b6a       __configthreadlocale       00414b6a f   ucrtd:ucrtbased.dll
 0002:00003b70       __set_new_mode             00414b70 f   ucrtd:ucrtbased.dll
 0002:00003b76       ___p__commode              00414b76 f   ucrtd:ucrtbased.dll
 0002:00003b7c       _strcpy_s                  00414b7c f   ucrtd:ucrtbased.dll
 0002:00003b82       _strcat_s                  00414b82 f   ucrtd:ucrtbased.dll
 0002:00003b88       ___stdio_common_vsprintf_s 00414b88 f   ucrtd:ucrtbased.dll
 0002:00003b8e       __seh_filter_dll           00414b8e f   ucrtd:ucrtbased.dll
 0002:00003b94       __configure_narrow_argv    00414b94 f   ucrtd:ucrtbased.dll
 0002:00003b9a       __initialize_narrow_environment 00414b9a f   ucrtd:ucrtbased.dll
 0002:00003ba0       __initialize_onexit_table  00414ba0 f   ucrtd:ucrtbased.dll
 0002:00003ba6       __register_onexit_function 00414ba6 f   ucrtd:ucrtbased.dll
 0002:00003bac       __execute_onexit_table     00414bac f   ucrtd:ucrtbased.dll
 0002:00003bb2       __crt_atexit               00414bb2 f   ucrtd:ucrtbased.dll
 0002:00003bb8       __crt_at_quick_exit        00414bb8 f   ucrtd:ucrtbased.dll
 0002:00003bbe       __controlfp_s              00414bbe f   ucrtd:ucrtbased.dll
 0002:00003bc4       _terminate                 00414bc4 f   ucrtd:ucrtbased.dll
 0002:00003bca       __wmakepath_s              00414bca f   ucrtd:ucrtbased.dll
 0002:00003bd0       __wsplitpath_s             00414bd0 f   ucrtd:ucrtbased.dll
 0002:00003bd6       _wcscpy_s                  00414bd6 f   ucrtd:ucrtbased.dll
 0002:00003bdc       _IsDebuggerPresent@0       00414bdc f   kernel32:KERNEL32.dll
 0002:00003be2       _RaiseException@16         00414be2 f   kernel32:KERNEL32.dll
 0002:00003be8       _MultiByteToWideChar@24    00414be8 f   kernel32:KERNEL32.dll
 0002:00003bee       _WideCharToMultiByte@32    00414bee f   kernel32:KERNEL32.dll
 0002:00003bf4       _UnhandledExceptionFilter@4 00414bf4 f   kernel32:KERNEL32.dll
 0002:00003bfa       _SetUnhandledExceptionFilter@4 00414bfa f   kernel32:KERNEL32.dll
 0002:00003c00       _GetCurrentProcess@0       00414c00 f   kernel32:KERNEL32.dll
 0002:00003c06       _TerminateProcess@8        00414c06 f   kernel32:KERNEL32.dll
 0002:00003c0c       _IsProcessorFeaturePresent@4 00414c0c f   kernel32:KERNEL32.dll
 0002:00003c12       _QueryPerformanceCounter@4 00414c12 f   kernel32:KERNEL32.dll
 0002:00003c18       _GetCurrentProcessId@0     00414c18 f   kernel32:KERNEL32.dll
 0002:00003c1e       _GetCurrentThreadId@0      00414c1e f   kernel32:KERNEL32.dll
 0002:00003c24       _GetSystemTimeAsFileTime@4 00414c24 f   kernel32:KERNEL32.dll
 0002:00003c2a       _InitializeSListHead@4     00414c2a f   kernel32:KERNEL32.dll
 0002:00003c30       _GetStartupInfoW@4         00414c30 f   kernel32:KERNEL32.dll
 0002:00003c36       _GetModuleHandleW@4        00414c36 f   kernel32:KERNEL32.dll
 0002:00003c3c       _GetLastError@0            00414c3c f   kernel32:KERNEL32.dll
 0002:00003c42       _HeapAlloc@12              00414c42 f   kernel32:KERNEL32.dll
 0002:00003c48       _HeapFree@12               00414c48 f   kernel32:KERNEL32.dll
 0002:00003c4e       _GetProcessHeap@0          00414c4e f   kernel32:KERNEL32.dll
 0002:00003c54       _VirtualQuery@12           00414c54 f   kernel32:KERNEL32.dll
 0002:00003c5a       _FreeLibrary@4             00414c5a f   kernel32:KERNEL32.dll
 0002:00003c60       _GetProcAddress@8          00414c60 f   kernel32:KERNEL32.dll
 0002:00003c70       ___acrt_initialize         00414c70 f   MSVCRTD:ucrt_stubs.obj
 0002:00003c70       ___vcrt_initialize         00414c70 f   MSVCRTD:ucrt_stubs.obj
 0002:00003c70       ___scrt_stub_for_acrt_initialize 00414c70 f   MSVCRTD:ucrt_stubs.obj
 0002:00003c80       ___acrt_thread_attach      00414c80 f   MSVCRTD:ucrt_stubs.obj
 0002:00003c80       ___vcrt_thread_attach      00414c80 f   MSVCRTD:ucrt_stubs.obj
 0002:00003c80       ___scrt_stub_for_acrt_thread_attach 00414c80 f   MSVCRTD:ucrt_stubs.obj
 0002:00003c90       ___scrt_stub_for_acrt_thread_detach 00414c90 f   MSVCRTD:ucrt_stubs.obj
 0002:00003c90       ___acrt_thread_detach      00414c90 f   MSVCRTD:ucrt_stubs.obj
 0002:00003c90       ___vcrt_thread_detach      00414c90 f   MSVCRTD:ucrt_stubs.obj
 0002:00003ca0       ___scrt_stub_for_acrt_uninitialize 00414ca0 f   MSVCRTD:ucrt_stubs.obj
 0002:00003ca0       ___vcrt_uninitialize       00414ca0 f   MSVCRTD:ucrt_stubs.obj
 0002:00003ca0       ___acrt_uninitialize       00414ca0 f   MSVCRTD:ucrt_stubs.obj
 0002:00003cb0       ___acrt_uninitialize_critical 00414cb0 f   MSVCRTD:ucrt_stubs.obj
 0002:00003cb0       ___vcrt_uninitialize_critical 00414cb0 f   MSVCRTD:ucrt_stubs.obj
 0002:00003cb0       ___scrt_stub_for_acrt_uninitialize_critical 00414cb0 f   MSVCRTD:ucrt_stubs.obj
 0002:00003cc0       ___scrt_stub_for_is_c_termination_complete 00414cc0 f   MSVCRTD:ucrt_stubs.obj
 0002:00003cc0       __is_c_termination_complete 00414cc0 f   MSVCRTD:ucrt_stubs.obj
 0003:00000000       ___xc_a                    00417000     MSVCRTD:initializers.obj
 0003:00000208       ___xc_z                    00417208     MSVCRTD:initializers.obj
 0003:0000030c       ___xi_a                    0041730c     MSVCRTD:initializers.obj
 0003:00000618       ___xi_z                    00417618     MSVCRTD:initializers.obj
 0003:0000071c       ___xp_a                    0041771c     MSVCRTD:initializers.obj
 0003:00000820       ___xp_z                    00417820     MSVCRTD:initializers.obj
 0003:00000924       ___xt_a                    00417924     MSVCRTD:initializers.obj
 0003:00000a28       ___xt_z                    00417a28     MSVCRTD:initializers.obj
 0003:00000b30       ??_C@_04OHAMCJON@mama?$AA@ 00417b30     ConsoleApplication1.obj
 0003:00000b38       ??_C@_08LCPNHAFH@aaaaaaaa?$AA@ 00417b38     ConsoleApplication1.obj
 0003:00000c00       ??_C@_0NN@NGPKDKPD@The?5value?5of?5ESP?5was?5not?5properl@ 00417c00     MSVCRTD:_error_.obj
 0003:00000d10       ??_C@_0BBN@GPMLNJCF@A?5cast?5to?5a?5smaller?5data?5type?5ha@ 00417d10     MSVCRTD:_error_.obj
 0003:00000e68       ??_C@_0BN@FFOINMNJ@Stack?5memory?5was?5corrupted?6?$AN?$AA@ 00417e68     MSVCRTD:_error_.obj
 0003:00000e8c       ??_C@_0DG@HKJMLLLP@A?5local?5variable?5was?5used?5before@ 00417e8c     MSVCRTD:_error_.obj
 0003:00000ecc       ??_C@_0CM@NGINOKPC@Stack?5memory?5around?5_alloca?5was?5@ 00417ecc     MSVCRTD:_error_.obj
 0003:00000f00       ??_C@_0BO@GNIAFIKK@Unknown?5Runtime?5Check?5Error?6?$AN?$AA@ 00417f00     MSVCRTD:_error_.obj
 0003:00000f28       ??_C@_1GM@OLMCBDMB@?$AAR?$AAu?$AAn?$AAt?$AAi?$AAm?$AAe?$AA?5?$AAC?$AAh?$AAe?$AAc?$AAk?$AA?5?$AAE?$AAr?$AAr?$AAo?$AAr?$AA?4?$AA?6?$AA?$AN?$AA?5?$AAU?$AAn?$AAa?$AAb?$AAl?$AAe?$AA?5?$AAt?$AAo@ 00417f28     MSVCRTD:_error_.obj
 0003:00000fb0       ??_C@_1EA@NFKNIFJP@?$AAR?$AAu?$AAn?$AA?9?$AAT?$AAi?$AAm?$AAe?$AA?5?$AAC?$AAh?$AAe?$AAc?$AAk?$AA?5?$AAF?$AAa?$AAi?$AAl?$AAu?$AAr?$AAe?$AA?5?$AA?$CD?$AA?$CF?$AAd?$AA?5?$AA?9?$AA?5?$AA?$CF?$AAs?$AA?$AA@ 00417fb0     MSVCRTD:_error_.obj
 0003:00000ffc       ??_C@_0BB@PFFGGCJP@Unknown?5Filename?$AA@ 00417ffc     MSVCRTD:_error_.obj
 0003:00001010       ??_C@_0BE@GNBOBNCK@Unknown?5Module?5Name?$AA@ 00418010     MSVCRTD:_error_.obj
 0003:00001028       ??_C@_0CA@IODNCDPG@Run?9Time?5Check?5Failure?5?$CD?$CFd?5?9?5?$CFs?$AA@ 00418028     MSVCRTD:_error_.obj
 0003:00001050       ??_C@_0CG@IAFNJNEE@Stack?5corrupted?5near?5unknown?5var@ 00418050     MSVCRTD:_error_.obj
 0003:00001080       ??_C@_05MKKEDADM@?$CF?42X?5?$AA@ 00418080     MSVCRTD:_error_.obj
 0003:00001088       ??_C@_0EJ@LJKNEOLN@Stack?5area?5around?5_alloca?5memory@ 00418088     MSVCRTD:_error_.obj
 0003:000010e0       ??_C@_01EEMJAFIK@?6?$AA@   004180e0     MSVCRTD:_error_.obj
 0003:000010e4       ??_C@_02LLMPMKNF@?$DO?5?$AA@ 004180e4     MSVCRTD:_error_.obj
 0003:000010e8       ??_C@_08OMAHNMHJ@?6Data?3?5?$DM?$AA@ 004180e8     MSVCRTD:_error_.obj
 0003:000010f4       ??_C@_0CK@DKGBICFE@?6Allocation?5number?5within?5this?5f@ 004180f4     MSVCRTD:_error_.obj
 0003:00001128       ??_C@_07DFDJCKFN@?6Size?3?5?$AA@ 00418128     MSVCRTD:_error_.obj
 0003:00001134       ??_C@_0N@MHFFIMFG@?6Address?3?50x?$AA@ 00418134     MSVCRTD:_error_.obj
 0003:00001148       ??_C@_0EI@CLEPFNGI@Stack?5area?5around?5_alloca?5memory@ 00418148     MSVCRTD:_error_.obj
 0003:000011a0       ??_C@_0BK@ODNDAGKB@?$CFs?$CFs?$CFp?$CFs?$CFzd?$CFs?$CFd?$CFs?$CFs?$CFs?$CFs?$CFs?$AA@ 004181a0     MSVCRTD:_error_.obj
 0003:000011c0       ??_C@_0DE@OHJBPMBP@A?5variable?5is?5being?5used?5without@ 004181c0     MSVCRTD:_error_.obj
 0003:00001224       ??_C@_0BJ@HEGAHDFO@Stack?5pointer?5corruption?$AA@ 00418224     MSVCRTD:_userapi_.obj
 0003:00001244       ??_C@_0CK@FEGOIOPB@Cast?5to?5smaller?5type?5causing?5los@ 00418244     MSVCRTD:_userapi_.obj
 0003:00001278       ??_C@_0BI@CIGMDCBH@Stack?5memory?5corruption?$AA@ 00418278     MSVCRTD:_userapi_.obj
 0003:00001294       ??_C@_0CK@CNLNOEPB@Local?5variable?5used?5before?5initi@ 00418294     MSVCRTD:_userapi_.obj
 0003:000012c8       ??_C@_0BP@OGBCLIBO@Stack?5around?5_alloca?5corrupted?$AA@ 004182c8     MSVCRTD:_userapi_.obj
 0003:00001348       ??_C@_1EI@MLPKHBGE@?$AAa?$AAp?$AAi?$AA?9?$AAm?$AAs?$AA?9?$AAw?$AAi?$AAn?$AA?9?$AAc?$AAo?$AAr?$AAe?$AA?9?$AAr?$AAe?$AAg?$AAi?$AAs?$AAt?$AAr?$AAy?$AA?9?$AAl?$AA1?$AA?9?$AA1?$AA?9?$AA0?$AA?4@ 00418348     MSVCRTD:_pdblkup_.obj
 0003:000013a0       ??_C@_1BK@JHLNAEJL@?$AAa?$AAd?$AAv?$AAa?$AAp?$AAi?$AA3?$AA2?$AA?4?$AAd?$AAl?$AAl?$AA?$AA@ 004183a0     MSVCRTD:_pdblkup_.obj
 0003:000013c0       ??_C@_0O@COHOBMLB@RegOpenKeyExW?$AA@ 004183c0     MSVCRTD:_pdblkup_.obj
 0003:000013d0       ??_C@_0BB@GLNAEDBD@RegQueryValueExW?$AA@ 004183d0     MSVCRTD:_pdblkup_.obj
 0003:000013e4       ??_C@_0M@HLOHPNFA@RegCloseKey?$AA@ 004183e4     MSVCRTD:_pdblkup_.obj
 0003:000013f8       ??_C@_1HE@EBEAGLFB@?$AAS?$AAO?$AAF?$AAT?$AAW?$AAA?$AAR?$AAE?$AA?2?$AAW?$AAo?$AAw?$AA6?$AA4?$AA3?$AA2?$AAN?$AAo?$AAd?$AAe?$AA?2?$AAM?$AAi?$AAc?$AAr?$AAo?$AAs?$AAo?$AAf?$AAt?$AA?2?$AAV@ 004183f8     MSVCRTD:_pdblkup_.obj
 0003:00001484       ??_C@_1BG@EABPBLLF@?$AAP?$AAr?$AAo?$AAd?$AAu?$AAc?$AAt?$AAD?$AAi?$AAr?$AA?$AA@ 00418484     MSVCRTD:_pdblkup_.obj
 0003:000014c4       ??_C@_1BC@JINFINNJ@?$AAM?$AAS?$AAP?$AAD?$AAB?$AA1?$AA4?$AA0?$AA?$AA@ 004184c4     MSVCRTD:_pdblkup_.obj
 0003:000014dc       ??_C@_0BB@KCIACLNC@PDBOpenValidate5?$AA@ 004184dc     MSVCRTD:_pdblkup_.obj
 0003:000014f0       ??_C@_01KDCPPGHE@r?$AA@    004184f0     MSVCRTD:_pdblkup_.obj
 0003:00001538       __load_config_used         00418538     MSVCRTD:loadcfg.obj
 0003:000018a0       ___rtc_iaa                 004188a0     MSVCRTD:_initsect_.obj
 0003:00001aa8       ___rtc_izz                 00418aa8     MSVCRTD:_initsect_.obj
 0003:00001bac       ___rtc_taa                 00418bac     MSVCRTD:_initsect_.obj
 0003:00001db4       ___rtc_tzz                 00418db4     MSVCRTD:_initsect_.obj
 0004:00000000       ___security_cookie         0041a000     MSVCRTD:gs_cookie.obj
 0004:00000004       ___security_cookie_complement 0041a004     MSVCRTD:gs_cookie.obj
 0004:0000000c       ?_RTC_ErrorLevels@@3PAHA   0041a00c     MSVCRTD:_error_.obj
 0004:00000024       ___scrt_native_dllmain_reason 0041a024     MSVCRTD:utility.obj
 0004:00000028       ___scrt_default_matherr    0041a028     MSVCRTD:matherr.obj
 0004:0000002c       ___isa_enabled             0041a02c     MSVCRTD:_cpu_disp_.obj
 0004:00000030       ___scrt_ucrt_dll_is_in_use 0041a030     MSVCRTD:ucrt_stubs.obj
 0004:00000138       ___@@_PchSym_@00@UhvnEPzooUzhnUozyBAUxlmhlovzkkorxzgrlmBUwvyftUhgwzucOlyq@4B2008FD98C1DD4 0041a138     stdafx.obj
 0004:00000140       ?_OptionsStorage@?1??__local_stdio_printf_options@@9@4_KA 0041a140     MSVCRTD:_error_.obj
 0004:00000518       ___scrt_current_native_startup_state 0041a518     MSVCRTD:utility.obj
 0004:0000051c       ___scrt_native_startup_lock 0041a51c     MSVCRTD:utility.obj
 0004:00000540       ?__type_info_root_node@@3U__type_info_node@@A 0041a540     MSVCRTD:tncleanup.obj
 0004:00000550       ?_OptionsStorage@?1??__local_stdio_scanf_options@@9@4_KA 0041a550     MSVCRTD:default_local_stdio_options.obj
 0004:0000055c       ___scrt_debugger_hook_flag 0041a55c     MSVCRTD:utility_desktop.obj
 0004:00000568       ___isa_available           0041a568     MSVCRTD:_cpu_disp_.obj
 0004:0000056c       ___favor                   0041a56c     MSVCRTD:_cpu_disp_.obj
 0004:00000574       ___dyn_tls_dtor_callback   0041a574     <common>
 0004:00000580       ___dyn_tls_init_callback   0041a580     <common>
 0005:00000000       __imp__GetStartupInfoW@4   0041b000     kernel32:KERNEL32.dll
 0005:00000004       __imp__RaiseException@16   0041b004     kernel32:KERNEL32.dll
 0005:00000008       __imp__MultiByteToWideChar@24 0041b008     kernel32:KERNEL32.dll
 0005:0000000c       __imp__WideCharToMultiByte@32 0041b00c     kernel32:KERNEL32.dll
 0005:00000010       __imp__UnhandledExceptionFilter@4 0041b010     kernel32:KERNEL32.dll
 0005:00000014       __imp__SetUnhandledExceptionFilter@4 0041b014     kernel32:KERNEL32.dll
 0005:00000018       __imp__GetProcAddress@8    0041b018     kernel32:KERNEL32.dll
 0005:0000001c       __imp__FreeLibrary@4       0041b01c     kernel32:KERNEL32.dll
 0005:00000020       __imp__VirtualQuery@12     0041b020     kernel32:KERNEL32.dll
 0005:00000024       __imp__GetProcessHeap@0    0041b024     kernel32:KERNEL32.dll
 0005:00000028       __imp__HeapFree@12         0041b028     kernel32:KERNEL32.dll
 0005:0000002c       __imp__HeapAlloc@12        0041b02c     kernel32:KERNEL32.dll
 0005:00000030       __imp__GetLastError@0      0041b030     kernel32:KERNEL32.dll
 0005:00000034       __imp__GetModuleHandleW@4  0041b034     kernel32:KERNEL32.dll
 0005:00000038       __imp__IsDebuggerPresent@0 0041b038     kernel32:KERNEL32.dll
 0005:0000003c       __imp__InitializeSListHead@4 0041b03c     kernel32:KERNEL32.dll
 0005:00000040       __imp__GetSystemTimeAsFileTime@4 0041b040     kernel32:KERNEL32.dll
 0005:00000044       __imp__GetCurrentThreadId@0 0041b044     kernel32:KERNEL32.dll
 0005:00000048       __imp__GetCurrentProcessId@0 0041b048     kernel32:KERNEL32.dll
 0005:0000004c       __imp__QueryPerformanceCounter@4 0041b04c     kernel32:KERNEL32.dll
 0005:00000050       __imp__IsProcessorFeaturePresent@4 0041b050     kernel32:KERNEL32.dll
 0005:00000054       __imp__TerminateProcess@8  0041b054     kernel32:KERNEL32.dll
 0005:00000058       __imp__GetCurrentProcess@0 0041b058     kernel32:KERNEL32.dll
 0005:0000005c       \177KERNEL32_NULL_THUNK_DATA 0041b05c     kernel32:KERNEL32.dll
 0005:00000098       __imp____vcrt_GetModuleFileNameW 0041b098     vcruntimed:VCRUNTIME140D.dll
 0005:0000009c       __imp___except_handler4_common 0041b09c     vcruntimed:VCRUNTIME140D.dll
 0005:000000a0       __imp__memset              0041b0a0     vcruntimed:VCRUNTIME140D.dll
 0005:000000a4       __imp____vcrt_GetModuleHandleW 0041b0a4     vcruntimed:VCRUNTIME140D.dll
 0005:000000a8       __imp____vcrt_LoadLibraryExW 0041b0a8     vcruntimed:VCRUNTIME140D.dll
 0005:000000ac       __imp____std_type_info_destroy_list 0041b0ac     vcruntimed:VCRUNTIME140D.dll
 0005:000000b0       \177VCRUNTIME140D_NULL_THUNK_DATA 0041b0b0     vcruntimed:VCRUNTIME140D.dll
 0005:000000e0       __imp___seh_filter_dll     0041b0e0     ucrtd:ucrtbased.dll
 0005:000000e4       __imp___configure_narrow_argv 0041b0e4     ucrtd:ucrtbased.dll
 0005:000000e8       __imp___initialize_narrow_environment 0041b0e8     ucrtd:ucrtbased.dll
 0005:000000ec       __imp__strcat_s            0041b0ec     ucrtd:ucrtbased.dll
 0005:000000f0       __imp___register_onexit_function 0041b0f0     ucrtd:ucrtbased.dll
 0005:000000f4       __imp___execute_onexit_table 0041b0f4     ucrtd:ucrtbased.dll
 0005:000000f8       __imp___crt_atexit         0041b0f8     ucrtd:ucrtbased.dll
 0005:000000fc       __imp___crt_at_quick_exit  0041b0fc     ucrtd:ucrtbased.dll
 0005:00000100       __imp___controlfp_s        0041b100     ucrtd:ucrtbased.dll
 0005:00000104       __imp__terminate           0041b104     ucrtd:ucrtbased.dll
 0005:00000108       __imp___wmakepath_s        0041b108     ucrtd:ucrtbased.dll
 0005:0000010c       __imp___wsplitpath_s       0041b10c     ucrtd:ucrtbased.dll
 0005:00000110       __imp__wcscpy_s            0041b110     ucrtd:ucrtbased.dll
 0005:00000114       __imp____stdio_common_vsprintf_s 0041b114     ucrtd:ucrtbased.dll
 0005:00000118       __imp__strcpy_s            0041b118     ucrtd:ucrtbased.dll
 0005:0000011c       __imp____p__commode        0041b11c     ucrtd:ucrtbased.dll
 0005:00000120       __imp___set_new_mode       0041b120     ucrtd:ucrtbased.dll
 0005:00000124       __imp___configthreadlocale 0041b124     ucrtd:ucrtbased.dll
 0005:00000128       __imp___register_thread_local_exe_atexit_callback 0041b128     ucrtd:ucrtbased.dll
 0005:0000012c       __imp___c_exit             0041b12c     ucrtd:ucrtbased.dll
 0005:00000130       __imp___cexit              0041b130     ucrtd:ucrtbased.dll
 0005:00000134       __imp____p___wargv         0041b134     ucrtd:ucrtbased.dll
 0005:00000138       __imp____p___argc          0041b138     ucrtd:ucrtbased.dll
 0005:0000013c       __imp___set_fmode          0041b13c     ucrtd:ucrtbased.dll
 0005:00000140       __imp___exit               0041b140     ucrtd:ucrtbased.dll
 0005:00000144       __imp__exit                0041b144     ucrtd:ucrtbased.dll
 0005:00000148       __imp___initterm_e         0041b148     ucrtd:ucrtbased.dll
 0005:0000014c       __imp___initterm           0041b14c     ucrtd:ucrtbased.dll
 0005:00000150       __imp___get_initial_wide_environment 0041b150     ucrtd:ucrtbased.dll
 0005:00000154       __imp___initialize_wide_environment 0041b154     ucrtd:ucrtbased.dll
 0005:00000158       __imp___configure_wide_argv 0041b158     ucrtd:ucrtbased.dll
 0005:0000015c       __imp____setusermatherr    0041b15c     ucrtd:ucrtbased.dll
 0005:00000160       __imp___set_app_type       0041b160     ucrtd:ucrtbased.dll
 0005:00000164       __imp___seh_filter_exe     0041b164     ucrtd:ucrtbased.dll
 0005:00000168       __imp___CrtDbgReportW      0041b168     ucrtd:ucrtbased.dll
 0005:0000016c       __imp___CrtDbgReport       0041b16c     ucrtd:ucrtbased.dll
 0005:00000170       __imp___initialize_onexit_table 0041b170     ucrtd:ucrtbased.dll
 0005:00000174       \177ucrtbased_NULL_THUNK_DATA 0041b174     ucrtd:ucrtbased.dll
 0005:000001bc       __IMPORT_DESCRIPTOR_VCRUNTIME140D 0041b1bc     vcruntimed:VCRUNTIME140D.dll
 0005:000001d0       __IMPORT_DESCRIPTOR_ucrtbased 0041b1d0     ucrtd:ucrtbased.dll
 0005:000001e4       __IMPORT_DESCRIPTOR_KERNEL32 0041b1e4     kernel32:KERNEL32.dll
 0005:000001f8       __NULL_IMPORT_DESCRIPTOR   0041b1f8     vcruntimed:VCRUNTIME140D.dll
 0006:00000000       ___guard_check_icall_fptr  0041c000     MSVCRTD:guard_support.obj
