<html>
<body>
<pre>
<h1>µVision Build Log</h1>
<h2>Project:</h2>
C:\Users\Даниэлла\Documents\ЭВМ_осень2018\lab_3\lab_02.uvproj
Project File Date:  12/20/2018

<h2>Output:</h2>
Load "C:\\Users\\Даниэлла\\Documents\\ЭВМ_осень2018\\lab_3\\lab_02.axf" 
Internal DLL Error
Load "C:\\Users\\Даниэлла\\Documents\\ЭВМ_осень2018\\lab_3\\lab_02.axf" 
Full Chip Erase Done.
Programming Done.
Verify OK.
Application running ...
Rebuild target 'Target 1'
assembling LPC2300.s...
compiling main.c...
linking...
Program Size: Code=1372 RO-data=0 RW-data=0 ZI-data=1384  
".\lab_02.axf" - 0 Errors, 0 Warning(s).
Load "C:\\Users\\Даниэлла\\Documents\\ЭВМ_осень2018\\lab_3\\lab_02.axf" 
Full Chip Erase Done.
Programming Done.
Verify OK.
Application running ...
Rebuild target 'Target 1'
assembling LPC2300.s...
compiling main.c...
linking...
Program Size: Code=1372 RO-data=0 RW-data=0 ZI-data=1384  
".\lab_02.axf" - 0 Errors, 0 Warning(s).
Load "C:\\Users\\Даниэлла\\Documents\\ЭВМ_осень2018\\lab_3\\lab_02.axf" 
Full Chip Erase Done.
Programming Done.
Verify OK.
Application running ...
